<html>
<body>
<pre>
<h1>µVision Build Log</h1>
<h2>Project:</h2>
F:\Car\DMA_test\Project\RVMDK£¨uv4£©\iSO-STM32.uvproj
Project File Date:  09/18/2015

<h2>Output:</h2>
Build target 'Template'
compiling main.c...
..\..\User\usart.h(5): warning:  #1-D: last line of file ends without a newline
..\..\User\usart.h(5): warning:  #1295-D: Deprecated declaration USARTConfig - give arg types
..\..\User\dma.h(3): warning:  #1-D: last line of file ends without a newline
linking...
..\..\Output\Template.axf: Warning: L6304W: Duplicate input file ..\..\output\stm32f10x_gpio.o ignored.
..\..\Output\Template.axf: Warning: L6304W: Duplicate input file ..\..\output\stm32f10x_usart.o ignored.
..\..\Output\Template.axf: Warning: L6304W: Duplicate input file ..\..\output\stm32f10x_rcc.o ignored.
Program Size: Code=6500 RO-data=336 RW-data=4064 ZI-data=1024  
FromELF: creating hex file...
"..\..\Output\Template.axf" - 0 Errors, 6 Warning(s).
Load "..\\..\\Output\\Template.axf" 
Set JLink Project File to "F:\Car\DMA_test\Project\RVMDK£¨uv4£©\JLinkSettings.ini"
* JLink Info: Device "STM32F103VE" selected (512 KB flash, 64 KB RAM).
 
JLink info:
------------
DLL: V4.90 , compiled Jul 28 2014 10:35:20
Firmware: J-Link ARM V8 compiled Jul 17 2014 12:31:18
Hardware: V8.00
S/N : 308621590 
Feature(s) : RDI,FlashDL,FlashBP,JFlash,GDBFULL 
 
* JLink Info: TotalIRLen = 9, IRPrint = 0x0011
* JLink Info: TotalIRLen = 9, IRPrint = 0x0011
* JLink Info: Found Cortex-M3 r1p1, Little endian.
* JLink Info: FPUnit: 6 code (BP) slots and 2 literal slots
* JLink Info: TPIU fitted.
* JLink Info: ETM fitted.
ROMTableAddr = 0xE00FF003
 
Target info:
------------
Device: STM32F103VE
VTarget = 3.345V
State of Pins: 
TCK: 1, TDI: 0, TDO: 1, TMS: 0, TRES: 1, TRST: 1
Hardware-Breakpoints: 6
Software-Breakpoints: 8192
Watchpoints:          4
JTAG speed: 2000 kHz
 
Full Chip Erase Done.
Programming Done.
Verify OK.
Application running ...
